// Jest Snapshot v1, https://goo.gl/fbAQLP

exports[`Agent login should fail if native module is not linked 1`] = `[Error: Missing NativeModule. React Native versions 0.60 and up perform auto-linking. Please see https://github.com/react-native-community/cli/blob/master/docs/autolinking.md.]`;

exports[`Agent logout should fail if native module is not linked 1`] = `[Error: Missing NativeModule. React Native versions 0.60 and up perform auto-linking. Please see https://github.com/react-native-community/cli/blob/master/docs/autolinking.md.]`;