// Jest Snapshot v1, https://goo.gl/fbAQLP

exports[`WebAuth authorize should authorize with provided parameters 1`] = `
{
  "accessToken": "access token",
  "idToken": "id token",
  "refreshToken": "refresh token",
  "scope": "scope",
  "tokenType": "token type",
}
`;

exports[`WebAuth authorize should set presentation style to 0 if set as empty 1`] = `
{
  "accessToken": "access token",
  "idToken": "id token",
  "refreshToken": "refresh token",
  "scope": "scope",
  "tokenType": "token type",
}
`;


exports[`WebAuth authorize should set presentation style to 0 if value is true 1`] = `
{
  "accessToken": "access token",
  "idToken": "id token",
  "refreshToken": "refresh token",
  "scope": "scope",
  "tokenType": "token type",
}
`;

exports[`WebAuth authorize should set presentation style to undefined if object is undefined 1`] = `
{
  "accessToken": "access token",
  "idToken": "id token",
  "refreshToken": "refresh token",
  "scope": "scope",
  "tokenType": "token type",
}
`;

exports[`WebAuth authorize should set presentation style to undefined if value is false 1`] = `
{
  "accessToken": "access token",
  "idToken": "id token",
  "refreshToken": "refresh token",
  "scope": "scope",
  "tokenType": "token type",
}
`;
