// Jest Snapshot v1, https://goo.gl/fbAQLP

exports[`Agent newTransaction should call native integration 1`] = `
Object {
  "state": "state",
}
`;

exports[`Agent newTransaction should fail if native module is not linked 1`] = `[Error: Missing NativeModule. Please make sure you run \`react-native link react-native-auth0\`]`;

exports[`Agent show complete web flow should resolve promise with url result 1`] = `"https://auth0.com"`;

exports[`Agent show failed flow should reject with error 1`] = `[Error: failed to load]`;

exports[`Agent show should fail if native module is not linked 1`] = `[Error: Missing NativeModule. Please make sure you run \`react-native link react-native-auth0\`]`;
